[p.w3layouts.com/demos_new/template_demo/15-09-2018/agro_crop_demo_Free/1382566399/web/index.html]
[backblue.gif]
[fade.gif]
[index.html]
[p.w3layouts.com/demos_new/template_demo/15-09-2018/agro_crop_demo_Free/1382566399/web/css/bootstrap.css]
[p.w3layouts.com/demos_new/template_demo/15-09-2018/agro_crop_demo_Free/1382566399/web/css/owl.carousel.css]
[p.w3layouts.com/demos_new/template_demo/15-09-2018/agro_crop_demo_Free/1382566399/web/css/owl.theme.css]
[p.w3layouts.com/demos_new/template_demo/15-09-2018/agro_crop_demo_Free/1382566399/web/css/flexslider.css]
[p.w3layouts.com/demos_new/template_demo/15-09-2018/agro_crop_demo_Free/1382566399/web/css/style.css]
[p.w3layouts.com/demos_new/template_demo/15-09-2018/agro_crop_demo_Free/1382566399/web/css/fontawesome-all.css]
[m.servedby-buysellads.com/monetization.js]
[p.w3layouts.com/assests/css/font-awesome.min.css]
[p.w3layouts.com/demos_new/template_demo/15-09-2018/agro_crop_demo_Free/1382566399/web/about.html]
[p.w3layouts.com/demos_new/template_demo/15-09-2018/agro_crop_demo_Free/1382566399/web/single.html]
[p.w3layouts.com/demos_new/template_demo/15-09-2018/agro_crop_demo_Free/1382566399/web/404.html]
[p.w3layouts.com/demos_new/template_demo/15-09-2018/agro_crop_demo_Free/1382566399/web/projects.html]
[p.w3layouts.com/demos_new/template_demo/15-09-2018/agro_crop_demo_Free/1382566399/web/contact.html]
[p.w3layouts.com/demos_new/template_demo/15-09-2018/agro_crop_demo_Free/1382566399/web/images/bg.png]
[p.w3layouts.com/demos_new/template_demo/15-09-2018/agro_crop_demo_Free/1382566399/web/images/about.jpg]
[p.w3layouts.com/demos_new/template_demo/15-09-2018/agro_crop_demo_Free/1382566399/web/images/screens2.png]
[p.w3layouts.com/demos_new/template_demo/15-09-2018/agro_crop_demo_Free/1382566399/web/images/n1.jpg]
[p.w3layouts.com/demos_new/template_demo/15-09-2018/agro_crop_demo_Free/1382566399/web/images/n6.jpg]
[p.w3layouts.com/demos_new/template_demo/15-09-2018/agro_crop_demo_Free/1382566399/web/images/n5.jpg]
[p.w3layouts.com/demos_new/template_demo/15-09-2018/agro_crop_demo_Free/1382566399/web/images/n4.jpg]
[p.w3layouts.com/demos_new/template_demo/15-09-2018/agro_crop_demo_Free/1382566399/web/images/n3.jpg]
[p.w3layouts.com/demos_new/template_demo/15-09-2018/agro_crop_demo_Free/1382566399/web/images/n2.jpg]
[p.w3layouts.com/demos_new/template_demo/15-09-2018/agro_crop_demo_Free/1382566399/web/js/jquery-2.2.3.min.js]
[p.w3layouts.com/demos_new/template_demo/15-09-2018/agro_crop_demo_Free/1382566399/web/js/owl.carousel.js]
[p.w3layouts.com/demos_new/template_demo/15-09-2018/agro_crop_demo_Free/1382566399/web/js/jquery.flexslider.js]
[p.w3layouts.com/demos_new/template_demo/15-09-2018/agro_crop_demo_Free/1382566399/web/js/SmoothScroll.min.js]
[p.w3layouts.com/demos_new/template_demo/15-09-2018/agro_crop_demo_Free/1382566399/web/js/move-top.js]
[p.w3layouts.com/demos_new/template_demo/15-09-2018/agro_crop_demo_Free/1382566399/web/js/easing.js]
[p.w3layouts.com/demos_new/template_demo/15-09-2018/agro_crop_demo_Free/1382566399/web/js/Agro Crop.js]
[p.w3layouts.com/demos_new/template_demo/15-09-2018/agro_crop_demo_Free/1382566399/web/js/bootstrap.js]
[p.w3layouts.com/cdn-cgi/challenge-platform/scripts/jsd/main.js]
[p.w3layouts.com/demos_new/template_demo/15-09-2018/agro_crop_demo_Free/1382566399/web/index.html]
[p.w3layouts.com/demos_new/template_demo/15-09-2018/agro_crop_demo_Free/1382566399/web/css/bootstrap.css]
[p.w3layouts.com/cdn-cgi/challenge-platform/h/b/scripts/jsd/0f752fefe334/main.js]
[p.w3layouts.com/demos_new/template_demo/15-09-2018/agro_crop_demo_Free/1382566399/web/css/owl.video.play.png]
[p.w3layouts.com/demos_new/template_demo/15-09-2018/agro_crop_demo_Free/1382566399/web/css/owl.carousel.css]
[p.w3layouts.com/demos_new/template_demo/15-09-2018/agro_crop_demo_Free/1382566399/web/css/owl.theme.css]
[p.w3layouts.com/demos_new/template_demo/15-09-2018/agro_crop_demo_Free/1382566399/web/images/right.png]
[p.w3layouts.com/demos_new/template_demo/15-09-2018/agro_crop_demo_Free/1382566399/web/images/left.png]
[p.w3layouts.com/demos_new/template_demo/15-09-2018/agro_crop_demo_Free/1382566399/web/css/flexslider.css]
[p.w3layouts.com/demos_new/template_demo/15-09-2018/agro_crop_demo_Free/1382566399/web/images/move-top.png]
[p.w3layouts.com/demos_new/template_demo/15-09-2018/agro_crop_demo_Free/1382566399/web/images/1.jpg]
[p.w3layouts.com/demos_new/template_demo/15-09-2018/agro_crop_demo_Free/1382566399/web/images/2.jpg]
[p.w3layouts.com/demos_new/template_demo/15-09-2018/agro_crop_demo_Free/1382566399/web/images/3.jpg]
[p.w3layouts.com/demos_new/template_demo/15-09-2018/agro_crop_demo_Free/1382566399/web/images/bg2.png]
[p.w3layouts.com/demos_new/template_demo/15-09-2018/agro_crop_demo_Free/1382566399/web/images/te5.jpg]
[p.w3layouts.com/demos_new/template_demo/15-09-2018/agro_crop_demo_Free/1382566399/web/images/te1.jpg]
[p.w3layouts.com/demos_new/template_demo/15-09-2018/agro_crop_demo_Free/1382566399/web/images/te2.jpg]
[p.w3layouts.com/demos_new/template_demo/15-09-2018/agro_crop_demo_Free/1382566399/web/images/te3.jpg]
[p.w3layouts.com/demos_new/template_demo/15-09-2018/agro_crop_demo_Free/1382566399/web/images/te4.jpg]
[p.w3layouts.com/demos_new/template_demo/15-09-2018/agro_crop_demo_Free/1382566399/web/images/bg3.jpg]
[p.w3layouts.com/demos_new/template_demo/15-09-2018/agro_crop_demo_Free/1382566399/web/css/style.css]
[p.w3layouts.com/demos_new/template_demo/15-09-2018/agro_crop_demo_Free/1382566399/web/webfonts/fa-brands-400.eot]
[p.w3layouts.com/demos_new/template_demo/15-09-2018/agro_crop_demo_Free/1382566399/web/webfonts/fa-brands-400d41d.eot]
[p.w3layouts.com/demos_new/template_demo/15-09-2018/agro_crop_demo_Free/1382566399/web/webfonts/fa-brands-400.woff2]
[p.w3layouts.com/demos_new/template_demo/15-09-2018/agro_crop_demo_Free/1382566399/web/webfonts/fa-brands-400.woff]
[p.w3layouts.com/demos_new/template_demo/15-09-2018/agro_crop_demo_Free/1382566399/web/webfonts/fa-brands-400.ttf]
[p.w3layouts.com/demos_new/template_demo/15-09-2018/agro_crop_demo_Free/1382566399/web/webfonts/fa-brands-400.svg]
[p.w3layouts.com/demos_new/template_demo/15-09-2018/agro_crop_demo_Free/1382566399/web/webfonts/fa-regular-400.eot]
[p.w3layouts.com/demos_new/template_demo/15-09-2018/agro_crop_demo_Free/1382566399/web/webfonts/fa-regular-400d41d.eot]
[p.w3layouts.com/demos_new/template_demo/15-09-2018/agro_crop_demo_Free/1382566399/web/webfonts/fa-regular-400.woff2]
[p.w3layouts.com/demos_new/template_demo/15-09-2018/agro_crop_demo_Free/1382566399/web/webfonts/fa-regular-400.woff]
[p.w3layouts.com/demos_new/template_demo/15-09-2018/agro_crop_demo_Free/1382566399/web/webfonts/fa-regular-400.ttf]
[p.w3layouts.com/demos_new/template_demo/15-09-2018/agro_crop_demo_Free/1382566399/web/webfonts/fa-regular-400.svg]
[p.w3layouts.com/demos_new/template_demo/15-09-2018/agro_crop_demo_Free/1382566399/web/webfonts/fa-solid-900.eot]
[p.w3layouts.com/demos_new/template_demo/15-09-2018/agro_crop_demo_Free/1382566399/web/webfonts/fa-solid-900d41d.eot]
[p.w3layouts.com/demos_new/template_demo/15-09-2018/agro_crop_demo_Free/1382566399/web/webfonts/fa-solid-900.woff2]
[p.w3layouts.com/demos_new/template_demo/15-09-2018/agro_crop_demo_Free/1382566399/web/webfonts/fa-solid-900.woff]
[p.w3layouts.com/demos_new/template_demo/15-09-2018/agro_crop_demo_Free/1382566399/web/webfonts/fa-solid-900.ttf]
[p.w3layouts.com/demos_new/template_demo/15-09-2018/agro_crop_demo_Free/1382566399/web/css/fontawesome-all.css]
[p.w3layouts.com/assests/css/font-awesome.min.css]
[p.w3layouts.com/demos_new/template_demo/15-09-2018/agro_crop_demo_Free/1382566399/web/webfonts/fa-solid-900.svg]
[p.w3layouts.com/demos_new/template_demo/15-09-2018/agro_crop_demo_Free/1382566399/web/images/t1.jpg]
[p.w3layouts.com/demos_new/template_demo/15-09-2018/agro_crop_demo_Free/1382566399/web/images/t3.jpg]
[p.w3layouts.com/demos_new/template_demo/15-09-2018/agro_crop_demo_Free/1382566399/web/images/t2.jpg]
[p.w3layouts.com/demos_new/template_demo/15-09-2018/agro_crop_demo_Free/1382566399/web/images/t4.jpg]
[p.w3layouts.com/demos_new/template_demo/15-09-2018/agro_crop_demo_Free/1382566399/web/about.html]
[p.w3layouts.com/demos_new/template_demo/15-09-2018/agro_crop_demo_Free/1382566399/web/single.html]
[p.w3layouts.com/demos_new/template_demo/15-09-2018/agro_crop_demo_Free/1382566399/web/404.html]
[p.w3layouts.com/demos_new/template_demo/15-09-2018/agro_crop_demo_Free/1382566399/web/css/lightbox.css]
[p.w3layouts.com/demos_new/template_demo/15-09-2018/agro_crop_demo_Free/1382566399/web/images/g1.jpg]
[p.w3layouts.com/demos_new/template_demo/15-09-2018/agro_crop_demo_Free/1382566399/web/images/g2.jpg]
[p.w3layouts.com/demos_new/template_demo/15-09-2018/agro_crop_demo_Free/1382566399/web/images/g3.jpg]
[p.w3layouts.com/demos_new/template_demo/15-09-2018/agro_crop_demo_Free/1382566399/web/images/g4.jpg]
[p.w3layouts.com/demos_new/template_demo/15-09-2018/agro_crop_demo_Free/1382566399/web/images/g5.jpg]
[p.w3layouts.com/demos_new/template_demo/15-09-2018/agro_crop_demo_Free/1382566399/web/images/g6.jpg]
[p.w3layouts.com/demos_new/template_demo/15-09-2018/agro_crop_demo_Free/1382566399/web/images/g7.jpg]
[p.w3layouts.com/demos_new/template_demo/15-09-2018/agro_crop_demo_Free/1382566399/web/images/g8.jpg]
[p.w3layouts.com/demos_new/template_demo/15-09-2018/agro_crop_demo_Free/1382566399/web/images/g9.jpg]
[p.w3layouts.com/demos_new/template_demo/15-09-2018/agro_crop_demo_Free/1382566399/web/projects.html]
[p.w3layouts.com/demos_new/template_demo/15-09-2018/agro_crop_demo_Free/1382566399/web/js/lightbox-plus-jquery.min.js]
[p.w3layouts.com/demos_new/template_demo/15-09-2018/agro_crop_demo_Free/1382566399/web/contact.html]
[p.w3layouts.com/demos_new/template_demo/15-09-2018/agro_crop_demo_Free/1382566399/web/css/owl.video.play.html]
[p.w3layouts.com/demos_new/template_demo/15-09-2018/agro_crop_demo_Free/1382566399/web/webfonts/fa-brands-400.svg]
[p.w3layouts.com/demos_new/template_demo/15-09-2018/agro_crop_demo_Free/1382566399/web/webfonts/fa-regular-400.svg]
[p.w3layouts.com/demos_new/template_demo/15-09-2018/agro_crop_demo_Free/1382566399/web/webfonts/fa-solid-900.svg]
[p.w3layouts.com/cdn-cgi/scripts/5c5dd728/cloudflare-static/email-decode.min.js]
[p.w3layouts.com/demos_new/template_demo/15-09-2018/agro_crop_demo_Free/1382566399/web/images/close.png]
[p.w3layouts.com/demos_new/template_demo/15-09-2018/agro_crop_demo_Free/1382566399/web/images/prev.png]
[p.w3layouts.com/demos_new/template_demo/15-09-2018/agro_crop_demo_Free/1382566399/web/images/next.png]
[p.w3layouts.com/demos_new/template_demo/15-09-2018/agro_crop_demo_Free/1382566399/web/images/bck.png]
[p.w3layouts.com/demos_new/template_demo/15-09-2018/agro_crop_demo_Free/1382566399/web/images/frwd.png]
[p.w3layouts.com/demos_new/template_demo/15-09-2018/agro_crop_demo_Free/1382566399/web/css/lightbox.css]
[p.w3layouts.com/demos_new/template_demo/15-09-2018/agro_crop_demo_Free/1382566399/web/images/prev.html]
[p.w3layouts.com/demos_new/template_demo/15-09-2018/agro_crop_demo_Free/1382566399/web/images/next.html]
